{
  error: /workspace/cmi1ek00w00wpooikinucd90n/comply/backend/src/routes/routes.js:360
  });
   ^
  
  SyntaxError: missing ) after argument list
      at wrapSafe (node:internal/modules/cjs/loader:1692:18)
      at Module._compile (node:internal/modules/cjs/loader:1735:20)
      at Object..js (node:internal/modules/cjs/loader:1893:10)
      at Module.load (node:internal/modules/cjs/loader:1481:32)
      at Module._load (node:internal/modules/cjs/loader:1300:12)
      at TracingChannel.traceSync (node:diagnostics_channel:328:14)
      at wrapModuleLoad (node:internal/modules/cjs/loader:245:24)
      at Module.require (node:internal/modules/cjs/loader:1504:12)
      at require (node:internal/modules/helpers:152:16)
      at Object.<anonymous> (/workspace/cmi1ek00w00wpooikinucd90n/comply/backend/server.js:21:21),
  level: 'error',
  message: 'uncaughtException: missing ) after argument list\n' +
    '/workspace/cmi1ek00w00wpooikinucd90n/comply/backend/src/routes/routes.js:360\n' +
    '});\n' +
    ' ^\n' +
    '\n' +
    'SyntaxError: missing ) after argument list\n' +
    '    at wrapSafe (node:internal/modules/cjs/loader:1692:18)\n' +
    '    at Module._compile (node:internal/modules/cjs/loader:1735:20)\n' +
    '    at Object..js (node:internal/modules/cjs/loader:1893:10)\n' +
    '    at Module.load (node:internal/modules/cjs/loader:1481:32)\n' +
    '    at Module._load (node:internal/modules/cjs/loader:1300:12)\n' +
    '    at TracingChannel.traceSync (node:diagnostics_channel:328:14)\n' +
    '    at wrapModuleLoad (node:internal/modules/cjs/loader:245:24)\n' +
    '    at Module.require (node:internal/modules/cjs/loader:1504:12)\n' +
    '    at require (node:internal/modules/helpers:152:16)\n' +
    '    at Object.<anonymous> (/workspace/cmi1ek00w00wpooikinucd90n/comply/backend/server.js:21:21)',
  stack: '/workspace/cmi1ek00w00wpooikinucd90n/comply/backend/src/routes/routes.js:360\n' +
    '});\n' +
    ' ^\n' +
    '\n' +
    'SyntaxError: missing ) after argument list\n' +
    '    at wrapSafe (node:internal/modules/cjs/loader:1692:18)\n' +
    '    at Module._compile (node:internal/modules/cjs/loader:1735:20)\n' +
    '    at Object..js (node:internal/modules/cjs/loader:1893:10)\n' +
    '    at Module.load (node:internal/modules/cjs/loader:1481:32)\n' +
    '    at Module._load (node:internal/modules/cjs/loader:1300:12)\n' +
    '    at TracingChannel.traceSync (node:diagnostics_channel:328:14)\n' +
    '    at wrapModuleLoad (node:internal/modules/cjs/loader:245:24)\n' +
    '    at Module.require (node:internal/modules/cjs/loader:1504:12)\n' +
    '    at require (node:internal/modules/helpers:152:16)\n' +
    '    at Object.<anonymous> (/workspace/cmi1ek00w00wpooikinucd90n/comply/backend/server.js:21:21)',
  exception: true,
  date: 'Sun Nov 16 2025 08:15:40 GMT+0000 (Coordinated Universal Time)',
  process: {
    pid: 5507,
    uid: 0,
    gid: 0,
    cwd: '/workspace/cmi1ek00w00wpooikinucd90n/comply/backend',
    execPath: '/usr/bin/node',
    version: 'v24.11.1',
    argv: [
      '/usr/bin/node',
      '/workspace/cmi1ek00w00wpooikinucd90n/comply/backend/server.js'
    ],
    memoryUsage: {
      rss: 88260608,
      heapTotal: 35250176,
      heapUsed: 19583648,
      external: 3551227,
      arrayBuffers: 20513
    }
  },
  os: { loadavg: [ 0.33, 0.54, 0.26 ], uptime: 3467.48 },
  trace: [
    {
      column: 18,
      file: 'node:internal/modules/cjs/loader',
      function: 'wrapSafe',
      line: 1692,
      method: null,
      native: false
    },
    {
      column: 20,
      file: 'node:internal/modules/cjs/loader',
      function: 'Module._compile',
      line: 1735,
      method: '_compile',
      native: false
    },
    {
      column: 10,
      file: 'node:internal/modules/cjs/loader',
      function: 'Object..js',
      line: 1893,
      method: '.js',
      native: false
    },
    {
      column: 32,
      file: 'node:internal/modules/cjs/loader',
      function: 'Module.load',
      line: 1481,
      method: 'load',
      native: false
    },
    {
      column: 12,
      file: 'node:internal/modules/cjs/loader',
      function: 'Module._load',
      line: 1300,
      method: '_load',
      native: false
    },
    {
      column: 14,
      file: 'node:diagnostics_channel',
      function: 'TracingChannel.traceSync',
      line: 328,
      method: 'traceSync',
      native: false
    },
    {
      column: 24,
      file: 'node:internal/modules/cjs/loader',
      function: 'wrapModuleLoad',
      line: 245,
      method: null,
      native: false
    },
    {
      column: 12,
      file: 'node:internal/modules/cjs/loader',
      function: 'Module.require',
      line: 1504,
      method: 'require',
      native: false
    },
    {
      column: 16,
      file: 'node:internal/modules/helpers',
      function: 'require',
      line: 152,
      method: null,
      native: false
    },
    {
      column: 21,
      file: '/workspace/cmi1ek00w00wpooikinucd90n/comply/backend/server.js',
      function: null,
      line: 21,
      method: null,
      native: false
    }
  ],
  service: 'bhutan-bus-system',
  timestamp: '2025-11-16 08:15:40'
}
{
  error: /workspace/cmi1ek00w00wpooikinucd90n/comply/backend/src/routes/routes.js:360
  });
   ^
  
  SyntaxError: missing ) after argument list
      at wrapSafe (node:internal/modules/cjs/loader:1692:18)
      at Module._compile (node:internal/modules/cjs/loader:1735:20)
      at Object..js (node:internal/modules/cjs/loader:1893:10)
      at Module.load (node:internal/modules/cjs/loader:1481:32)
      at Module._load (node:internal/modules/cjs/loader:1300:12)
      at TracingChannel.traceSync (node:diagnostics_channel:328:14)
      at wrapModuleLoad (node:internal/modules/cjs/loader:245:24)
      at Module.require (node:internal/modules/cjs/loader:1504:12)
      at require (node:internal/modules/helpers:152:16)
      at Object.<anonymous> (/workspace/cmi1ek00w00wpooikinucd90n/comply/backend/server.js:21:21),
  level: 'error',
  message: 'uncaughtException: missing ) after argument list\n' +
    '/workspace/cmi1ek00w00wpooikinucd90n/comply/backend/src/routes/routes.js:360\n' +
    '});\n' +
    ' ^\n' +
    '\n' +
    'SyntaxError: missing ) after argument list\n' +
    '    at wrapSafe (node:internal/modules/cjs/loader:1692:18)\n' +
    '    at Module._compile (node:internal/modules/cjs/loader:1735:20)\n' +
    '    at Object..js (node:internal/modules/cjs/loader:1893:10)\n' +
    '    at Module.load (node:internal/modules/cjs/loader:1481:32)\n' +
    '    at Module._load (node:internal/modules/cjs/loader:1300:12)\n' +
    '    at TracingChannel.traceSync (node:diagnostics_channel:328:14)\n' +
    '    at wrapModuleLoad (node:internal/modules/cjs/loader:245:24)\n' +
    '    at Module.require (node:internal/modules/cjs/loader:1504:12)\n' +
    '    at require (node:internal/modules/helpers:152:16)\n' +
    '    at Object.<anonymous> (/workspace/cmi1ek00w00wpooikinucd90n/comply/backend/server.js:21:21)',
  stack: '/workspace/cmi1ek00w00wpooikinucd90n/comply/backend/src/routes/routes.js:360\n' +
    '});\n' +
    ' ^\n' +
    '\n' +
    'SyntaxError: missing ) after argument list\n' +
    '    at wrapSafe (node:internal/modules/cjs/loader:1692:18)\n' +
    '    at Module._compile (node:internal/modules/cjs/loader:1735:20)\n' +
    '    at Object..js (node:internal/modules/cjs/loader:1893:10)\n' +
    '    at Module.load (node:internal/modules/cjs/loader:1481:32)\n' +
    '    at Module._load (node:internal/modules/cjs/loader:1300:12)\n' +
    '    at TracingChannel.traceSync (node:diagnostics_channel:328:14)\n' +
    '    at wrapModuleLoad (node:internal/modules/cjs/loader:245:24)\n' +
    '    at Module.require (node:internal/modules/cjs/loader:1504:12)\n' +
    '    at require (node:internal/modules/helpers:152:16)\n' +
    '    at Object.<anonymous> (/workspace/cmi1ek00w00wpooikinucd90n/comply/backend/server.js:21:21)',
  exception: true,
  date: 'Sun Nov 16 2025 11:15:08 GMT+0000 (Coordinated Universal Time)',
  process: {
    pid: 2173,
    uid: 0,
    gid: 0,
    cwd: '/workspace/cmi1ek00w00wpooikinucd90n/comply/backend',
    execPath: '/usr/bin/node',
    version: 'v24.11.1',
    argv: [
      '/usr/bin/node',
      '/workspace/cmi1ek00w00wpooikinucd90n/comply/backend/server.js'
    ],
    memoryUsage: {
      rss: 86003712,
      heapTotal: 35250176,
      heapUsed: 20350912,
      external: 3430922,
      arrayBuffers: 20337
    }
  },
  os: { loadavg: [ 1.61, 0.66, 0.24 ], uptime: 669.81 },
  trace: [
    {
      column: 18,
      file: 'node:internal/modules/cjs/loader',
      function: 'wrapSafe',
      line: 1692,
      method: null,
      native: false
    },
    {
      column: 20,
      file: 'node:internal/modules/cjs/loader',
      function: 'Module._compile',
      line: 1735,
      method: '_compile',
      native: false
    },
    {
      column: 10,
      file: 'node:internal/modules/cjs/loader',
      function: 'Object..js',
      line: 1893,
      method: '.js',
      native: false
    },
    {
      column: 32,
      file: 'node:internal/modules/cjs/loader',
      function: 'Module.load',
      line: 1481,
      method: 'load',
      native: false
    },
    {
      column: 12,
      file: 'node:internal/modules/cjs/loader',
      function: 'Module._load',
      line: 1300,
      method: '_load',
      native: false
    },
    {
      column: 14,
      file: 'node:diagnostics_channel',
      function: 'TracingChannel.traceSync',
      line: 328,
      method: 'traceSync',
      native: false
    },
    {
      column: 24,
      file: 'node:internal/modules/cjs/loader',
      function: 'wrapModuleLoad',
      line: 245,
      method: null,
      native: false
    },
    {
      column: 12,
      file: 'node:internal/modules/cjs/loader',
      function: 'Module.require',
      line: 1504,
      method: 'require',
      native: false
    },
    {
      column: 16,
      file: 'node:internal/modules/helpers',
      function: 'require',
      line: 152,
      method: null,
      native: false
    },
    {
      column: 21,
      file: '/workspace/cmi1ek00w00wpooikinucd90n/comply/backend/server.js',
      function: null,
      line: 21,
      method: null,
      native: false
    }
  ],
  service: 'bhutan-bus-system',
  timestamp: '2025-11-16 11:15:08'
}
